// Jest Snapshot v1, https://goo.gl/fbAQLP

exports[`Upcoming events test should render and match the snapshot 1`] = `Promise {}`;
