// Jest Snapshot v1, https://goo.gl/fbAQLP

exports[`Question bank content should render and match the snapshot 1`] = `
<div
  class="MuiGrid-root MuiGrid-container MuiGrid-align-items-xs-center MuiGrid-justify-content-xs-space-between"
  data-testid="questionbank-filters"
  style="height: 40px;"
>
  <div
    class="MuiGrid-root MuiGrid-item"
  >
    <p
      class="MuiTypography-root makeStyles-panelHeader-1 MuiTypography-body1"
    >
      labels:Filters
    </p>
  </div>
  <div
    class="MuiGrid-root MuiGrid-item"
  >
    <button
      class="MuiButtonBase-root MuiButton-root MuiButton-text KenButton__KenButtonDefault-sc-1sg8ful-0 dpKZcv MuiButton-textPrimary"
      data-testid="button"
      tabindex="0"
      type="button"
    >
      <span
        class="MuiButton-label"
      >
        <p
          class="MuiTypography-root makeStyles-clearAllButton-2 MuiTypography-body1"
          data-testid="clearall-button"
        >
          labels:Clear_all
        </p>
      </span>
      <span
        class="MuiTouchRipple-root"
      />
    </button>
  </div>
</div>
`;
